SQL> select to_char(sysdate,'Ddsp') "month" from dual;

month                                                                           
------------                                                                    
Thirty                                                                          

SQL> select to_char(sysdate-29,'Ddsp') "month" from dual;

month                                                                           
------------                                                                    
One                                                                             

SQL> select to_char(sysdate-29,'Dy') "month" from dual;

mon                                                                             
---                                                                             
Sun                                                                             

SQL> select to_char(sysdate-29,'Ddspth') "month" from dual;

month                                                                           
--------------                                                                  
First                                                                           

SQL> spool off;
