SQL> Select DISTINCT job_id from EMPLOYEES;

JOB_ID                                                                          
----------                                                                      
AC_ACCOUNT                                                                      
AC_MGR                                                                          
AD_ASST                                                                         
AD_PRES                                                                         
AD_VP                                                                           
FI_ACCOUNT                                                                      
FI_MGR                                                                          
HR_REP                                                                          
IT_PROG                                                                         
MK_MAN                                                                          
MK_REP                                                                          

JOB_ID                                                                          
----------                                                                      
PR_REP                                                                          
PU_CLERK                                                                        
PU_MAN                                                                          
SA_MAN                                                                          
SA_REP                                                                          
SH_CLERK                                                                        
ST_CLERK                                                                        
ST_MAN                                                                          

19 rows selected.

SQL> Select last_name |'|, ',Job_id from Employees AS Employee And Title;
Select last_name |'|, ',Job_id from Employees AS Employee And Title
                 *
ERROR at line 1:
ORA-00996: the concatenate operator is ||, not | 


SQL> Select last_name |'|, 'Job_id from Employees AS Employee And Title;
Select last_name |'|, 'Job_id from Employees AS Employee And Title
                 *
ERROR at line 1:
ORA-00996: the concatenate operator is ||, not | 


SQL> Select last_name |'|, '||Job_id from Employees AS Employee And Title;
Select last_name |'|, '||Job_id from Employees AS Employee And Title
                 *
ERROR at line 1:
ORA-00996: the concatenate operator is ||, not | 


SQL> Select last_name ||', '||Job_id from Employees AS Employee And Title;
Select last_name ||', '||Job_id from Employees AS Employee And Title
                                               *
ERROR at line 1:
ORA-00933: SQL command not properly ended 


SQL> Select last_name ||', '||,Job_id from Employees AS Employee And Title;
Select last_name ||', '||,Job_id from Employees AS Employee And Title
                         *
ERROR at line 1:
ORA-00936: missing expression 


SQL> Select last_name ||', '|Job_id from Employees AS Employee And Title;
Select last_name ||', '|Job_id from Employees AS Employee And Title
                       *
ERROR at line 1:
ORA-00996: the concatenate operator is ||, not | 


SQL> Select last_name ||', '||Job_id from Employees AS Employee And Title;
Select last_name ||', '||Job_id from Employees AS Employee And Title
                                               *
ERROR at line 1:
ORA-00933: SQL command not properly ended 


SQL> Select last_name ||', '||Job_id AS Employee and Title from Employees;
Select last_name ||', '||Job_id AS Employee and Title from Employees
                                            *
ERROR at line 1:
ORA-00923: FROM keyword not found where expected 


SQL> Select last_name ||', '||Job_id AS "Employee and Title" from Employees;

Employee and Title                                                              
-------------------------------------                                           
Abel, SA_REP                                                                    
Ande, SA_REP                                                                    
Atkinson, ST_CLERK                                                              
Austin, IT_PROG                                                                 
Baer, PR_REP                                                                    
Baida, PU_CLERK                                                                 
Banda, SA_REP                                                                   
Bates, SA_REP                                                                   
Bell, SH_CLERK                                                                  
Bernstein, SA_REP                                                               
Bissot, ST_CLERK                                                                

Employee and Title                                                              
-------------------------------------                                           
Bloom, SA_REP                                                                   
Bull, SH_CLERK                                                                  
Cabrio, SH_CLERK                                                                
Cambrault, SA_MAN                                                               
Cambrault, SA_REP                                                               
Chen, FI_ACCOUNT                                                                
Chung, SH_CLERK                                                                 
Colmenares, PU_CLERK                                                            
Davies, ST_CLERK                                                                
De Haan, AD_VP                                                                  
Dellinger, SH_CLERK                                                             

Employee and Title                                                              
-------------------------------------                                           
Dilly, SH_CLERK                                                                 
Doran, SA_REP                                                                   
Ernst, IT_PROG                                                                  
Errazuriz, SA_MAN                                                               
Everett, SH_CLERK                                                               
Faviet, FI_ACCOUNT                                                              
Fay, MK_REP                                                                     
Feeney, SH_CLERK                                                                
Fleaur, SH_CLERK                                                                
Fox, SA_REP                                                                     
Fripp, ST_MAN                                                                   

Employee and Title                                                              
-------------------------------------                                           
Gates, SH_CLERK                                                                 
Gee, ST_CLERK                                                                   
Geoni, SH_CLERK                                                                 
Gietz, AC_ACCOUNT                                                               
Grant, SH_CLERK                                                                 
Grant, SA_REP                                                                   
Greenberg, FI_MGR                                                               
Greene, SA_REP                                                                  
Hall, SA_REP                                                                    
Hartstein, MK_MAN                                                               
Higgins, AC_MGR                                                                 

Employee and Title                                                              
-------------------------------------                                           
Himuro, PU_CLERK                                                                
Hunold, IT_PROG                                                                 
Hutton, SA_REP                                                                  
Johnson, SA_REP                                                                 
Jones, SH_CLERK                                                                 
Kaufling, ST_MAN                                                                
Khoo, PU_CLERK                                                                  
King, SA_REP                                                                    
King, AD_PRES                                                                   
Kochhar, AD_VP                                                                  
Kumar, SA_REP                                                                   

Employee and Title                                                              
-------------------------------------                                           
Ladwig, ST_CLERK                                                                
Landry, ST_CLERK                                                                
Lee, SA_REP                                                                     
Livingston, SA_REP                                                              
Lorentz, IT_PROG                                                                
Mallin, ST_CLERK                                                                
Markle, ST_CLERK                                                                
Marlow, ST_CLERK                                                                
Marvins, SA_REP                                                                 
Matos, ST_CLERK                                                                 
Mavris, HR_REP                                                                  

Employee and Title                                                              
-------------------------------------                                           
McCain, SH_CLERK                                                                
McEwen, SA_REP                                                                  
Mikkilineni, ST_CLERK                                                           
Mourgos, ST_MAN                                                                 
Nayer, ST_CLERK                                                                 
OConnell, SH_CLERK                                                              
Olsen, SA_REP                                                                   
Olson, ST_CLERK                                                                 
Ozer, SA_REP                                                                    
Partners, SA_MAN                                                                
Pataballa, IT_PROG                                                              

Employee and Title                                                              
-------------------------------------                                           
Patel, ST_CLERK                                                                 
Perkins, SH_CLERK                                                               
Philtanker, ST_CLERK                                                            
Popp, FI_ACCOUNT                                                                
Rajs, ST_CLERK                                                                  
Raphaely, PU_MAN                                                                
Rogers, ST_CLERK                                                                
Russell, SA_MAN                                                                 
Sarchand, SH_CLERK                                                              
Sciarra, FI_ACCOUNT                                                             
Seo, ST_CLERK                                                                   

Employee and Title                                                              
-------------------------------------                                           
Sewall, SA_REP                                                                  
Smith, SA_REP                                                                   
Smith, SA_REP                                                                   
Stiles, ST_CLERK                                                                
Sullivan, SH_CLERK                                                              
Sully, SA_REP                                                                   
Taylor, SA_REP                                                                  
Taylor, SH_CLERK                                                                
Tobias, PU_CLERK                                                                
Tucker, SA_REP                                                                  
Tuvault, SA_REP                                                                 

Employee and Title                                                              
-------------------------------------                                           
Urman, FI_ACCOUNT                                                               
Vargas, ST_CLERK                                                                
Vishney, SA_REP                                                                 
Vollman, ST_MAN                                                                 
Walsh, SH_CLERK                                                                 
Weiss, ST_MAN                                                                   
Whalen, AD_ASST                                                                 
Zlotkey, SA_MAN                                                                 

107 rows selected.

SQL> desc employees;
 Name                                      Null?    Type
 ----------------------------------------- -------- ----------------------------
 EMPLOYEE_ID                               NOT NULL NUMBER(6)
 FIRST_NAME                                         VARCHAR2(20)
 LAST_NAME                                 NOT NULL VARCHAR2(25)
 EMAIL                                     NOT NULL VARCHAR2(25)
 PHONE_NUMBER                                       VARCHAR2(20)
 HIRE_DATE                                 NOT NULL DATE
 JOB_ID                                    NOT NULL VARCHAR2(10)
 SALARY                                             NUMBER(8,2)
 COMMISSION_PCT                                     NUMBER(2,2)
 MANAGER_ID                                         NUMBER(6)
 DEPARTMENT_ID                                      NUMBER(4)

SQL> select employee_id ||','||first_name ||','||last_name ||','||email ||','||phone_number ||','||Hire_date ||','||job_id ||','||salary ||','|| Commission_pct ||','||Manager_id ||','||Department_id as "THE_OUTPUT" from Employees;

THE_OUTPUT                                                                      
--------------------------------------------------------------------------------
100,Steven,King,SKING,515.123.4567,17-JUN-03,AD_PRES,24000,,,90                 
101,Neena,Kochhar,NKOCHHAR,515.123.4568,21-SEP-05,AD_VP,17000,,100,90           
102,Lex,De Haan,LDEHAAN,515.123.4569,13-JAN-01,AD_VP,17000,,100,90              
103,Alexander,Hunold,AHUNOLD,590.423.4567,03-JAN-06,IT_PROG,9000,,102,60        
104,Bruce,Ernst,BERNST,590.423.4568,21-MAY-07,IT_PROG,6000,,103,60              
105,David,Austin,DAUSTIN,590.423.4569,25-JUN-05,IT_PROG,4800,,103,60            
106,Valli,Pataballa,VPATABAL,590.423.4560,05-FEB-06,IT_PROG,4800,,103,60        
107,Diana,Lorentz,DLORENTZ,590.423.5567,07-FEB-07,IT_PROG,4200,,103,60          
108,Nancy,Greenberg,NGREENBE,515.124.4569,17-AUG-02,FI_MGR,12008,,101,100       
109,Daniel,Faviet,DFAVIET,515.124.4169,16-AUG-02,FI_ACCOUNT,9000,,108,100       
110,John,Chen,JCHEN,515.124.4269,28-SEP-05,FI_ACCOUNT,8200,,108,100             

THE_OUTPUT                                                                      
--------------------------------------------------------------------------------
111,Ismael,Sciarra,ISCIARRA,515.124.4369,30-SEP-05,FI_ACCOUNT,7700,,108,100     
112,Jose Manuel,Urman,JMURMAN,515.124.4469,07-MAR-06,FI_ACCOUNT,7800,,108,100   
113,Luis,Popp,LPOPP,515.124.4567,07-DEC-07,FI_ACCOUNT,6900,,108,100             
114,Den,Raphaely,DRAPHEAL,515.127.4561,07-DEC-02,PU_MAN,11000,,100,30           
115,Alexander,Khoo,AKHOO,515.127.4562,18-MAY-03,PU_CLERK,3100,,114,30           
116,Shelli,Baida,SBAIDA,515.127.4563,24-DEC-05,PU_CLERK,2900,,114,30            
117,Sigal,Tobias,STOBIAS,515.127.4564,24-JUL-05,PU_CLERK,2800,,114,30           
118,Guy,Himuro,GHIMURO,515.127.4565,15-NOV-06,PU_CLERK,2600,,114,30             
119,Karen,Colmenares,KCOLMENA,515.127.4566,10-AUG-07,PU_CLERK,2500,,114,30      
120,Matthew,Weiss,MWEISS,650.123.1234,18-JUL-04,ST_MAN,8000,,100,50             
121,Adam,Fripp,AFRIPP,650.123.2234,10-APR-05,ST_MAN,8200,,100,50                

THE_OUTPUT                                                                      
--------------------------------------------------------------------------------
122,Payam,Kaufling,PKAUFLIN,650.123.3234,01-MAY-03,ST_MAN,7900,,100,50          
123,Shanta,Vollman,SVOLLMAN,650.123.4234,10-OCT-05,ST_MAN,6500,,100,50          
124,Kevin,Mourgos,KMOURGOS,650.123.5234,16-NOV-07,ST_MAN,5800,,100,50           
125,Julia,Nayer,JNAYER,650.124.1214,16-JUL-05,ST_CLERK,3200,,120,50             
126,Irene,Mikkilineni,IMIKKILI,650.124.1224,28-SEP-06,ST_CLERK,2700,,120,50     
127,James,Landry,JLANDRY,650.124.1334,14-JAN-07,ST_CLERK,2400,,120,50           
128,Steven,Markle,SMARKLE,650.124.1434,08-MAR-08,ST_CLERK,2200,,120,50          
129,Laura,Bissot,LBISSOT,650.124.5234,20-AUG-05,ST_CLERK,3300,,121,50           
130,Mozhe,Atkinson,MATKINSO,650.124.6234,30-OCT-05,ST_CLERK,2800,,121,50        
131,James,Marlow,JAMRLOW,650.124.7234,16-FEB-05,ST_CLERK,2500,,121,50           
132,TJ,Olson,TJOLSON,650.124.8234,10-APR-07,ST_CLERK,2100,,121,50               

THE_OUTPUT                                                                      
--------------------------------------------------------------------------------
133,Jason,Mallin,JMALLIN,650.127.1934,14-JUN-04,ST_CLERK,3300,,122,50           
134,Michael,Rogers,MROGERS,650.127.1834,26-AUG-06,ST_CLERK,2900,,122,50         
135,Ki,Gee,KGEE,650.127.1734,12-DEC-07,ST_CLERK,2400,,122,50                    
136,Hazel,Philtanker,HPHILTAN,650.127.1634,06-FEB-08,ST_CLERK,2200,,122,50      
137,Renske,Ladwig,RLADWIG,650.121.1234,14-JUL-03,ST_CLERK,3600,,123,50          
138,Stephen,Stiles,SSTILES,650.121.2034,26-OCT-05,ST_CLERK,3200,,123,50         
139,John,Seo,JSEO,650.121.2019,12-FEB-06,ST_CLERK,2700,,123,50                  
140,Joshua,Patel,JPATEL,650.121.1834,06-APR-06,ST_CLERK,2500,,123,50            
141,Trenna,Rajs,TRAJS,650.121.8009,17-OCT-03,ST_CLERK,3500,,124,50              
142,Curtis,Davies,CDAVIES,650.121.2994,29-JAN-05,ST_CLERK,3100,,124,50          
143,Randall,Matos,RMATOS,650.121.2874,15-MAR-06,ST_CLERK,2600,,124,50           

THE_OUTPUT                                                                      
--------------------------------------------------------------------------------
144,Peter,Vargas,PVARGAS,650.121.2004,09-JUL-06,ST_CLERK,2500,,124,50           
145,John,Russell,JRUSSEL,011.44.1344.429268,01-OCT-04,SA_MAN,14000,.4,100,80    
146,Karen,Partners,KPARTNER,011.44.1344.467268,05-JAN-05,SA_MAN,13500,.3,100,80 
147,Alberto,Errazuriz,AERRAZUR,011.44.1344.429278,10-MAR-05,SA_MAN,12000,.3,100,
80                                                                              
                                                                                
148,Gerald,Cambrault,GCAMBRAU,011.44.1344.619268,15-OCT-07,SA_MAN,11000,.3,100,8
0                                                                               
                                                                                
149,Eleni,Zlotkey,EZLOTKEY,011.44.1344.429018,29-JAN-08,SA_MAN,10500,.2,100,80  
150,Peter,Tucker,PTUCKER,011.44.1344.129268,30-JAN-05,SA_REP,10000,.3,145,80    

THE_OUTPUT                                                                      
--------------------------------------------------------------------------------
151,David,Bernstein,DBERNSTE,011.44.1344.345268,24-MAR-05,SA_REP,9500,.25,145,80
152,Peter,Hall,PHALL,011.44.1344.478968,20-AUG-05,SA_REP,9000,.25,145,80        
153,Christopher,Olsen,COLSEN,011.44.1344.498718,30-MAR-06,SA_REP,8000,.2,145,80 
154,Nanette,Cambrault,NCAMBRAU,011.44.1344.987668,09-DEC-06,SA_REP,7500,.2,145,8
0                                                                               
                                                                                
155,Oliver,Tuvault,OTUVAULT,011.44.1344.486508,23-NOV-07,SA_REP,7000,.15,145,80 
156,Janette,King,JKING,011.44.1345.429268,30-JAN-04,SA_REP,10000,.35,146,80     
157,Patrick,Sully,PSULLY,011.44.1345.929268,04-MAR-04,SA_REP,9500,.35,146,80    
158,Allan,McEwen,AMCEWEN,011.44.1345.829268,01-AUG-04,SA_REP,9000,.35,146,80    
159,Lindsey,Smith,LSMITH,011.44.1345.729268,10-MAR-05,SA_REP,8000,.3,146,80     

THE_OUTPUT                                                                      
--------------------------------------------------------------------------------
160,Louise,Doran,LDORAN,011.44.1345.629268,15-DEC-05,SA_REP,7500,.3,146,80      
161,Sarath,Sewall,SSEWALL,011.44.1345.529268,03-NOV-06,SA_REP,7000,.25,146,80   
162,Clara,Vishney,CVISHNEY,011.44.1346.129268,11-NOV-05,SA_REP,10500,.25,147,80 
163,Danielle,Greene,DGREENE,011.44.1346.229268,19-MAR-07,SA_REP,9500,.15,147,80 
164,Mattea,Marvins,MMARVINS,011.44.1346.329268,24-JAN-08,SA_REP,7200,.1,147,80  
165,David,Lee,DLEE,011.44.1346.529268,23-FEB-08,SA_REP,6800,.1,147,80           
166,Sundar,Ande,SANDE,011.44.1346.629268,24-MAR-08,SA_REP,6400,.1,147,80        
167,Amit,Banda,ABANDA,011.44.1346.729268,21-APR-08,SA_REP,6200,.1,147,80        
168,Lisa,Ozer,LOZER,011.44.1343.929268,11-MAR-05,SA_REP,11500,.25,148,80        
169,Harrison,Bloom,HBLOOM,011.44.1343.829268,23-MAR-06,SA_REP,10000,.2,148,80   
170,Tayler,Fox,TFOX,011.44.1343.729268,24-JAN-06,SA_REP,9600,.2,148,80          

THE_OUTPUT                                                                      
--------------------------------------------------------------------------------
171,William,Smith,WSMITH,011.44.1343.629268,23-FEB-07,SA_REP,7400,.15,148,80    
172,Elizabeth,Bates,EBATES,011.44.1343.529268,24-MAR-07,SA_REP,7300,.15,148,80  
173,Sundita,Kumar,SKUMAR,011.44.1343.329268,21-APR-08,SA_REP,6100,.1,148,80     
174,Ellen,Abel,EABEL,011.44.1644.429267,11-MAY-04,SA_REP,11000,.3,149,80        
175,Alyssa,Hutton,AHUTTON,011.44.1644.429266,19-MAR-05,SA_REP,8800,.25,149,80   
176,Jonathon,Taylor,JTAYLOR,011.44.1644.429265,24-MAR-06,SA_REP,8600,.2,149,80  
177,Jack,Livingston,JLIVINGS,011.44.1644.429264,23-APR-06,SA_REP,8400,.2,149,80 
178,Kimberely,Grant,KGRANT,011.44.1644.429263,24-MAY-07,SA_REP,7000,.15,149,    
179,Charles,Johnson,CJOHNSON,011.44.1644.429262,04-JAN-08,SA_REP,6200,.1,149,80 
180,Winston,Taylor,WTAYLOR,650.507.9876,24-JAN-06,SH_CLERK,3200,,120,50         
181,Jean,Fleaur,JFLEAUR,650.507.9877,23-FEB-06,SH_CLERK,3100,,120,50            

THE_OUTPUT                                                                      
--------------------------------------------------------------------------------
182,Martha,Sullivan,MSULLIVA,650.507.9878,21-JUN-07,SH_CLERK,2500,,120,50       
183,Girard,Geoni,GGEONI,650.507.9879,03-FEB-08,SH_CLERK,2800,,120,50            
184,Nandita,Sarchand,NSARCHAN,650.509.1876,27-JAN-04,SH_CLERK,4200,,121,50      
185,Alexis,Bull,ABULL,650.509.2876,20-FEB-05,SH_CLERK,4100,,121,50              
186,Julia,Dellinger,JDELLING,650.509.3876,24-JUN-06,SH_CLERK,3400,,121,50       
187,Anthony,Cabrio,ACABRIO,650.509.4876,07-FEB-07,SH_CLERK,3000,,121,50         
188,Kelly,Chung,KCHUNG,650.505.1876,14-JUN-05,SH_CLERK,3800,,122,50             
189,Jennifer,Dilly,JDILLY,650.505.2876,13-AUG-05,SH_CLERK,3600,,122,50          
190,Timothy,Gates,TGATES,650.505.3876,11-JUL-06,SH_CLERK,2900,,122,50           
191,Randall,Perkins,RPERKINS,650.505.4876,19-DEC-07,SH_CLERK,2500,,122,50       
192,Sarah,Bell,SBELL,650.501.1876,04-FEB-04,SH_CLERK,4000,,123,50               

THE_OUTPUT                                                                      
--------------------------------------------------------------------------------
193,Britney,Everett,BEVERETT,650.501.2876,03-MAR-05,SH_CLERK,3900,,123,50       
194,Samuel,McCain,SMCCAIN,650.501.3876,01-JUL-06,SH_CLERK,3200,,123,50          
195,Vance,Jones,VJONES,650.501.4876,17-MAR-07,SH_CLERK,2800,,123,50             
196,Alana,Walsh,AWALSH,650.507.9811,24-APR-06,SH_CLERK,3100,,124,50             
197,Kevin,Feeney,KFEENEY,650.507.9822,23-MAY-06,SH_CLERK,3000,,124,50           
198,Donald,OConnell,DOCONNEL,650.507.9833,21-JUN-07,SH_CLERK,2600,,124,50       
199,Douglas,Grant,DGRANT,650.507.9844,13-JAN-08,SH_CLERK,2600,,124,50           
200,Jennifer,Whalen,JWHALEN,515.123.4444,17-SEP-03,AD_ASST,4400,,101,10         
201,Michael,Hartstein,MHARTSTE,515.123.5555,17-FEB-04,MK_MAN,13000,,100,20      
202,Pat,Fay,PFAY,603.123.6666,17-AUG-05,MK_REP,6000,,201,20                     
203,Susan,Mavris,SMAVRIS,515.123.7777,07-JUN-02,HR_REP,6500,,101,40             

THE_OUTPUT                                                                      
--------------------------------------------------------------------------------
204,Hermann,Baer,HBAER,515.123.8888,07-JUN-02,PR_REP,10000,,101,70              
205,Shelley,Higgins,SHIGGINS,515.123.8080,07-JUN-02,AC_MGR,12008,,101,110       
206,William,Gietz,WGIETZ,515.123.8181,07-JUN-02,AC_ACCOUNT,8300,,205,110        

107 rows selected.

SQL> select last_name,salary from Employees where salary >12000;

LAST_NAME                     SALARY                                            
------------------------- ----------                                            
King                           24000                                            
Kochhar                        17000                                            
De Haan                        17000                                            
Greenberg                      12008                                            
Russell                        14000                                            
Partners                       13500                                            
Hartstein                      13000                                            
Higgins                        12008                                            

8 rows selected.

SQL> select last_name,department_id from employees where employee-id=176;
select last_name,department_id from employees where employee-id=176
                                                             *
ERROR at line 1:
ORA-00904: "ID": invalid identifier 


SQL> select last_name,department_id from employees where employee_id=176;

LAST_NAME                 DEPARTMENT_ID                                         
------------------------- -------------                                         
Taylor                               80                                         

SQL> select last_name,salary from Employees where salary !(Between 5000 and 12000);
select last_name,salary from Employees where salary !(Between 5000 and 12000)
                                                     *
ERROR at line 1:
ORA-00927: missing equal sign 


SQL> select last_name,salary from employees where salary<=5000 OR salary>=12000;

LAST_NAME                     SALARY                                            
------------------------- ----------                                            
King                           24000                                            
Kochhar                        17000                                            
De Haan                        17000                                            
Austin                          4800                                            
Pataballa                       4800                                            
Lorentz                         4200                                            
Greenberg                      12008                                            
Khoo                            3100                                            
Baida                           2900                                            
Tobias                          2800                                            
Himuro                          2600                                            

LAST_NAME                     SALARY                                            
------------------------- ----------                                            
Colmenares                      2500                                            
Nayer                           3200                                            
Mikkilineni                     2700                                            
Landry                          2400                                            
Markle                          2200                                            
Bissot                          3300                                            
Atkinson                        2800                                            
Marlow                          2500                                            
Olson                           2100                                            
Mallin                          3300                                            
Rogers                          2900                                            

LAST_NAME                     SALARY                                            
------------------------- ----------                                            
Gee                             2400                                            
Philtanker                      2200                                            
Ladwig                          3600                                            
Stiles                          3200                                            
Seo                             2700                                            
Patel                           2500                                            
Rajs                            3500                                            
Davies                          3100                                            
Matos                           2600                                            
Vargas                          2500                                            
Russell                        14000                                            

LAST_NAME                     SALARY                                            
------------------------- ----------                                            
Partners                       13500                                            
Errazuriz                      12000                                            
Taylor                          3200                                            
Fleaur                          3100                                            
Sullivan                        2500                                            
Geoni                           2800                                            
Sarchand                        4200                                            
Bull                            4100                                            
Dellinger                       3400                                            
Cabrio                          3000                                            
Chung                           3800                                            

LAST_NAME                     SALARY                                            
------------------------- ----------                                            
Dilly                           3600                                            
Gates                           2900                                            
Perkins                         2500                                            
Bell                            4000                                            
Everett                         3900                                            
McCain                          3200                                            
Jones                           2800                                            
Walsh                           3100                                            
Feeney                          3000                                            
OConnell                        2600                                            
Grant                           2600                                            

LAST_NAME                     SALARY                                            
------------------------- ----------                                            
Whalen                          4400                                            
Hartstein                      13000                                            
Higgins                        12008                                            

58 rows selected.

SQL> select last_name,job_id,hire_date from Employees where to_char(hire_date,'MM-DD-YYYY')> 02-20-2011 AND to_char(hire_date,'MM-DD-YYYY')< 05-01-2012 Order by hire_date;
select last_name,job_id,hire_date from Employees where to_char(hire_date,'MM-DD-YYYY')> 02-20-2011 AND to_char(hire_date,'MM-DD-YYYY')< 05-01-2012 Order by hire_date
                                                       *
ERROR at line 1:
ORA-01722: invalid number 


SQL> select last_name,job_id,hire_date from Employees where to_char(hire_date,'MM-DD-YYYY')> 02-20-2011 AND to_char(hire_date,'MM-DD-YYYY')< 05-01-2012 Order by hire_date;
select last_name,job_id,hire_date from Employees where to_char(hire_date,'MM-DD-YYYY')> 02-20-2011 AND to_char(hire_date,'MM-DD-YYYY')< 05-01-2012 Order by hire_date
                                                       *
ERROR at line 1:
ORA-01722: invalid number 


SQL> select hhire_date from Employees;
select hhire_date from Employees
       *
ERROR at line 1:
ORA-00904: "HHIRE_DATE": invalid identifier 


SQL> select hire_date from Employees;

HIRE_DATE                                                                       
---------                                                                       
17-JUN-03                                                                       
21-SEP-05                                                                       
13-JAN-01                                                                       
03-JAN-06                                                                       
21-MAY-07                                                                       
25-JUN-05                                                                       
05-FEB-06                                                                       
07-FEB-07                                                                       
17-AUG-02                                                                       
16-AUG-02                                                                       
28-SEP-05                                                                       

HIRE_DATE                                                                       
---------                                                                       
30-SEP-05                                                                       
07-MAR-06                                                                       
07-DEC-07                                                                       
07-DEC-02                                                                       
18-MAY-03                                                                       
24-DEC-05                                                                       
24-JUL-05                                                                       
15-NOV-06                                                                       
10-AUG-07                                                                       
18-JUL-04                                                                       
10-APR-05                                                                       

HIRE_DATE                                                                       
---------                                                                       
01-MAY-03                                                                       
10-OCT-05                                                                       
16-NOV-07                                                                       
16-JUL-05                                                                       
28-SEP-06                                                                       
14-JAN-07                                                                       
08-MAR-08                                                                       
20-AUG-05                                                                       
30-OCT-05                                                                       
16-FEB-05                                                                       
10-APR-07                                                                       

HIRE_DATE                                                                       
---------                                                                       
14-JUN-04                                                                       
26-AUG-06                                                                       
12-DEC-07                                                                       
06-FEB-08                                                                       
14-JUL-03                                                                       
26-OCT-05                                                                       
12-FEB-06                                                                       
06-APR-06                                                                       
17-OCT-03                                                                       
29-JAN-05                                                                       
15-MAR-06                                                                       

HIRE_DATE                                                                       
---------                                                                       
09-JUL-06                                                                       
01-OCT-04                                                                       
05-JAN-05                                                                       
10-MAR-05                                                                       
15-OCT-07                                                                       
29-JAN-08                                                                       
30-JAN-05                                                                       
24-MAR-05                                                                       
20-AUG-05                                                                       
30-MAR-06                                                                       
09-DEC-06                                                                       

HIRE_DATE                                                                       
---------                                                                       
23-NOV-07                                                                       
30-JAN-04                                                                       
04-MAR-04                                                                       
01-AUG-04                                                                       
10-MAR-05                                                                       
15-DEC-05                                                                       
03-NOV-06                                                                       
11-NOV-05                                                                       
19-MAR-07                                                                       
24-JAN-08                                                                       
23-FEB-08                                                                       

HIRE_DATE                                                                       
---------                                                                       
24-MAR-08                                                                       
21-APR-08                                                                       
11-MAR-05                                                                       
23-MAR-06                                                                       
24-JAN-06                                                                       
23-FEB-07                                                                       
24-MAR-07                                                                       
21-APR-08                                                                       
11-MAY-04                                                                       
19-MAR-05                                                                       
24-MAR-06                                                                       

HIRE_DATE                                                                       
---------                                                                       
23-APR-06                                                                       
24-MAY-07                                                                       
04-JAN-08                                                                       
24-JAN-06                                                                       
23-FEB-06                                                                       
21-JUN-07                                                                       
03-FEB-08                                                                       
27-JAN-04                                                                       
20-FEB-05                                                                       
24-JUN-06                                                                       
07-FEB-07                                                                       

HIRE_DATE                                                                       
---------                                                                       
14-JUN-05                                                                       
13-AUG-05                                                                       
11-JUL-06                                                                       
19-DEC-07                                                                       
04-FEB-04                                                                       
03-MAR-05                                                                       
01-JUL-06                                                                       
17-MAR-07                                                                       
24-APR-06                                                                       
23-MAY-06                                                                       
21-JUN-07                                                                       

HIRE_DATE                                                                       
---------                                                                       
13-JAN-08                                                                       
17-SEP-03                                                                       
17-FEB-04                                                                       
17-AUG-05                                                                       
07-JUN-02                                                                       
07-JUN-02                                                                       
07-JUN-02                                                                       
07-JUN-02                                                                       

107 rows selected.

SQL> select last_name,job_id,hire_date from employees where hire_date between '20-FEB-2011' AND '01-MAY-2012' order by HIre_date;

no rows selected

SQL> select last_name,Department_id from Emplloyees where Department_id IN(20,50) order by first_name;
select last_name,Department_id from Emplloyees where Department_id IN(20,50) order by first_name
                                    *
ERROR at line 1:
ORA-00942: table or view does not exist 


SQL> select last_name,Department_id from Employees where Department_id IN(20,50) order by first_name;

LAST_NAME                 DEPARTMENT_ID                                         
------------------------- -------------                                         
Fripp                                50                                         
Walsh                                50                                         
Bull                                 50                                         
Cabrio                               50                                         
Everett                              50                                         
Davies                               50                                         
OConnell                             50                                         
Grant                                50                                         
Geoni                                50                                         
Philtanker                           50                                         
Mikkilineni                          50                                         

LAST_NAME                 DEPARTMENT_ID                                         
------------------------- -------------                                         
Landry                               50                                         
Marlow                               50                                         
Mallin                               50                                         
Fleaur                               50                                         
Dilly                                50                                         
Seo                                  50                                         
Patel                                50                                         
Dellinger                            50                                         
Nayer                                50                                         
Chung                                50                                         
Mourgos                              50                                         

LAST_NAME                 DEPARTMENT_ID                                         
------------------------- -------------                                         
Feeney                               50                                         
Gee                                  50                                         
Bissot                               50                                         
Sullivan                             50                                         
Weiss                                50                                         
Rogers                               50                                         
Hartstein                            20                                         
Atkinson                             50                                         
Sarchand                             50                                         
Fay                                  20                                         
Kaufling                             50                                         

LAST_NAME                 DEPARTMENT_ID                                         
------------------------- -------------                                         
Vargas                               50                                         
Matos                                50                                         
Perkins                              50                                         
Ladwig                               50                                         
McCain                               50                                         
Bell                                 50                                         
Vollman                              50                                         
Stiles                               50                                         
Markle                               50                                         
Olson                                50                                         
Gates                                50                                         

LAST_NAME                 DEPARTMENT_ID                                         
------------------------- -------------                                         
Rajs                                 50                                         
Jones                                50                                         
Taylor                               50                                         

47 rows selected.

SQL> select last_name,salary from employees where salary (between 5000 and 1200) AND department_id IN(20,50);
select last_name,salary from employees where salary (between 5000 and 1200) AND department_id IN(20,50)
                                                     *
ERROR at line 1:
ORA-00936: missing expression 


SQL> select last_name,salary from employees where salary between 5000 and 1200 AND department_id IN(20,50);

no rows selected

SQL> SELECT last_name,hire_date from Empployees where hire_date between 01-JAN-2012 AND 31-DEC_2012;
SELECT last_name,hire_date from Empployees where hire_date between 01-JAN-2012 AND 31-DEC_2012
                                *
ERROR at line 1:
ORA-00942: table or view does not exist 


SQL> SELECT last_name,hire_date from Employees where hire_date between 01-JAN-2012 AND 31-DEC_2012;
SELECT last_name,hire_date from Employees where hire_date between 01-JAN-2012 AND 31-DEC_2012
                                                                                     *
ERROR at line 1:
ORA-00904: "DEC_2012": invalid identifier 


SQL> SELECT last_name,hire_date from Employees where hire_date between '01-JAN-2012' AND '31-DEC_2012';

no rows selected

SQL> next_day(SYSDATE,'tuesday') from dual;
SP2-0734: unknown command beginning "next_day(S..." - rest of line ignored.
SQL> select next_day(SYSDATE,'tuesday') from dual;

NEXT_DAY(                                                                       
---------                                                                       
31-DEC-19                                                                       

SQL> desc employees;
 Name                                      Null?    Type
 ----------------------------------------- -------- ----------------------------
 EMPLOYEE_ID                               NOT NULL NUMBER(6)
 FIRST_NAME                                         VARCHAR2(20)
 LAST_NAME                                 NOT NULL VARCHAR2(25)
 EMAIL                                     NOT NULL VARCHAR2(25)
 PHONE_NUMBER                                       VARCHAR2(20)
 HIRE_DATE                                 NOT NULL DATE
 JOB_ID                                    NOT NULL VARCHAR2(10)
 SALARY                                             NUMBER(8,2)
 COMMISSION_PCT                                     NUMBER(2,2)
 MANAGER_ID                                         NUMBER(6)
 DEPARTMENT_ID                                      NUMBER(4)

SQL> DESC DEPARTMENT;
ERROR:
ORA-04043: object DEPARTMENT does not exist 


SQL> DESC DEPARTMENTS;
 Name                                      Null?    Type
 ----------------------------------------- -------- ----------------------------
 DEPARTMENT_ID                             NOT NULL NUMBER(4)
 DEPARTMENT_NAME                           NOT NULL VARCHAR2(30)
 MANAGER_ID                                         NUMBER(6)
 LOCATION_ID                                        NUMBER(4)

SQL> SELECT ROUND(SYSTDATE,YEAR),TRUNC(SYSDATE,YEAR) FROM DUAL;
SELECT ROUND(SYSTDATE,YEAR),TRUNC(SYSDATE,YEAR) FROM DUAL
                                          *
ERROR at line 1:
ORA-00904: "YEAR": invalid identifier 


SQL> SELECT TABLE_NAMES FROM USER_TABLES;
SELECT TABLE_NAMES FROM USER_TABLES
       *
ERROR at line 1:
ORA-00904: "TABLE_NAMES": invalid identifier 


SQL> SELECT TABLE_NAME FROM USER_TABLES;

TABLE_NAME                                                                      
------------------------------                                                  
COUNTRIES                                                                       
JOB_HISTORY                                                                     
EMPLOYEES                                                                       
JOBS                                                                            
DEPARTMENTS                                                                     
LOCATIONS                                                                       
REGIONS                                                                         

7 rows selected.

SQL> DESC jobs;
 Name                                      Null?    Type
 ----------------------------------------- -------- ----------------------------
 JOB_ID                                    NOT NULL VARCHAR2(10)
 JOB_TITLE                                 NOT NULL VARCHAR2(35)
 MIN_SALARY                                         NUMBER(6)
 MAX_SALARY                                         NUMBER(6)

SQL> Select last_name,job_title from employees e,jobs j  where e.Manager_id IS NULL And e.job_id=j.job_id;

LAST_NAME                 JOB_TITLE                                             
------------------------- -----------------------------------                   
King                      President                                             

SQL> select * from employees;

EMPLOYEE_ID FIRST_NAME           LAST_NAME                                      
----------- -------------------- -------------------------                      
EMAIL                     PHONE_NUMBER         HIRE_DATE JOB_ID         SALARY  
------------------------- -------------------- --------- ---------- ----------  
COMMISSION_PCT MANAGER_ID DEPARTMENT_ID                                         
-------------- ---------- -------------                                         
        100 Steven               King                                           
SKING                     515.123.4567         17-JUN-03 AD_PRES         24000  
                                     90                                         
                                                                                
        101 Neena                Kochhar                                        
NKOCHHAR                  515.123.4568         21-SEP-05 AD_VP           17000  
                      100            90                                         

EMPLOYEE_ID FIRST_NAME           LAST_NAME                                      
----------- -------------------- -------------------------                      
EMAIL                     PHONE_NUMBER         HIRE_DATE JOB_ID         SALARY  
------------------------- -------------------- --------- ---------- ----------  
COMMISSION_PCT MANAGER_ID DEPARTMENT_ID                                         
-------------- ---------- -------------                                         
                                                                                
        102 Lex                  De Haan                                        
LDEHAAN                   515.123.4569         13-JAN-01 AD_VP           17000  
                      100            90                                         
                                                                                
        103 Alexander            Hunold                                         
AHUNOLD                   590.423.4567         03-JAN-06 IT_PROG          9000  

EMPLOYEE_ID FIRST_NAME           LAST_NAME                                      
----------- -------------------- -------------------------                      
EMAIL                     PHONE_NUMBER         HIRE_DATE JOB_ID         SALARY  
------------------------- -------------------- --------- ---------- ----------  
COMMISSION_PCT MANAGER_ID DEPARTMENT_ID                                         
-------------- ---------- -------------                                         
                      102            60                                         
                                                                                
        104 Bruce                Ernst                                          
BERNST                    590.423.4568         21-MAY-07 IT_PROG          6000  
                      103            60                                         
                                                                                
        105 David                Austin                                         

EMPLOYEE_ID FIRST_NAME           LAST_NAME                                      
----------- -------------------- -------------------------                      
EMAIL                     PHONE_NUMBER         HIRE_DATE JOB_ID         SALARY  
------------------------- -------------------- --------- ---------- ----------  
COMMISSION_PCT MANAGER_ID DEPARTMENT_ID                                         
-------------- ---------- -------------                                         
DAUSTIN                   590.423.4569         25-JUN-05 IT_PROG          4800  
                      103            60                                         
                                                                                
        106 Valli                Pataballa                                      
VPATABAL                  590.423.4560         05-FEB-06 IT_PROG          4800  
                      103            60                                         
                                                                                

EMPLOYEE_ID FIRST_NAME           LAST_NAME                                      
----------- -------------------- -------------------------                      
EMAIL                     PHONE_NUMBER         HIRE_DATE JOB_ID         SALARY  
------------------------- -------------------- --------- ---------- ----------  
COMMISSION_PCT MANAGER_ID DEPARTMENT_ID                                         
-------------- ---------- -------------                                         
        107 Diana                Lorentz                                        
DLORENTZ                  590.423.5567         07-FEB-07 IT_PROG          4200  
                      103            60                                         
                                                                                
        108 Nancy                Greenberg                                      
NGREENBE                  515.124.4569         17-AUG-02 FI_MGR          12008  
                      101           100                                         

EMPLOYEE_ID FIRST_NAME           LAST_NAME                                      
----------- -------------------- -------------------------                      
EMAIL                     PHONE_NUMBER         HIRE_DATE JOB_ID         SALARY  
------------------------- -------------------- --------- ---------- ----------  
COMMISSION_PCT MANAGER_ID DEPARTMENT_ID                                         
-------------- ---------- -------------                                         
                                                                                
        109 Daniel               Faviet                                         
DFAVIET                   515.124.4169         16-AUG-02 FI_ACCOUNT       9000  
                      108           100                                         
                                                                                
        110 John                 Chen                                           
JCHEN                     515.124.4269         28-SEP-05 FI_ACCOUNT       8200  

EMPLOYEE_ID FIRST_NAME           LAST_NAME                                      
----------- -------------------- -------------------------                      
EMAIL                     PHONE_NUMBER         HIRE_DATE JOB_ID         SALARY  
------------------------- -------------------- --------- ---------- ----------  
COMMISSION_PCT MANAGER_ID DEPARTMENT_ID                                         
-------------- ---------- -------------                                         
                      108           100                                         
                                                                                
        111 Ismael               Sciarra                                        
ISCIARRA                  515.124.4369         30-SEP-05 FI_ACCOUNT       7700  
                      108           100                                         
                                                                                
        112 Jose Manuel          Urman                                          

EMPLOYEE_ID FIRST_NAME           LAST_NAME                                      
----------- -------------------- -------------------------                      
EMAIL                     PHONE_NUMBER         HIRE_DATE JOB_ID         SALARY  
------------------------- -------------------- --------- ---------- ----------  
COMMISSION_PCT MANAGER_ID DEPARTMENT_ID                                         
-------------- ---------- -------------                                         
JMURMAN                   515.124.4469         07-MAR-06 FI_ACCOUNT       7800  
                      108           100                                         
                                                                                
        113 Luis                 Popp                                           
LPOPP                     515.124.4567         07-DEC-07 FI_ACCOUNT       6900  
                      108           100                                         
                                                                                

EMPLOYEE_ID FIRST_NAME           LAST_NAME                                      
----------- -------------------- -------------------------                      
EMAIL                     PHONE_NUMBER         HIRE_DATE JOB_ID         SALARY  
------------------------- -------------------- --------- ---------- ----------  
COMMISSION_PCT MANAGER_ID DEPARTMENT_ID                                         
-------------- ---------- -------------                                         
        114 Den                  Raphaely                                       
DRAPHEAL                  515.127.4561         07-DEC-02 PU_MAN          11000  
                      100            30                                         
                                                                                
        115 Alexander            Khoo                                           
AKHOO                     515.127.4562         18-MAY-03 PU_CLERK         3100  
                      114            30                                         

EMPLOYEE_ID FIRST_NAME           LAST_NAME                                      
----------- -------------------- -------------------------                      
EMAIL                     PHONE_NUMBER         HIRE_DATE JOB_ID         SALARY  
------------------------- -------------------- --------- ---------- ----------  
COMMISSION_PCT MANAGER_ID DEPARTMENT_ID                                         
-------------- ---------- -------------                                         
                                                                                
        116 Shelli               Baida                                          
SBAIDA                    515.127.4563         24-DEC-05 PU_CLERK         2900  
                      114            30                                         
                                                                                
        117 Sigal                Tobias                                         
STOBIAS                   515.127.4564         24-JUL-05 PU_CLERK         2800  

EMPLOYEE_ID FIRST_NAME           LAST_NAME                                      
----------- -------------------- -------------------------                      
EMAIL                     PHONE_NUMBER         HIRE_DATE JOB_ID         SALARY  
------------------------- -------------------- --------- ---------- ----------  
COMMISSION_PCT MANAGER_ID DEPARTMENT_ID                                         
-------------- ---------- -------------                                         
                      114            30                                         
                                                                                
        118 Guy                  Himuro                                         
GHIMURO                   515.127.4565         15-NOV-06 PU_CLERK         2600  
                      114            30                                         
                                                                                
        119 Karen                Colmenares                                     

EMPLOYEE_ID FIRST_NAME           LAST_NAME                                      
----------- -------------------- -------------------------                      
EMAIL                     PHONE_NUMBER         HIRE_DATE JOB_ID         SALARY  
------------------------- -------------------- --------- ---------- ----------  
COMMISSION_PCT MANAGER_ID DEPARTMENT_ID                                         
-------------- ---------- -------------                                         
KCOLMENA                  515.127.4566         10-AUG-07 PU_CLERK         2500  
                      114            30                                         
                                                                                
        120 Matthew              Weiss                                          
MWEISS                    650.123.1234         18-JUL-04 ST_MAN           8000  
                      100            50                                         
                                                                                

EMPLOYEE_ID FIRST_NAME           LAST_NAME                                      
----------- -------------------- -------------------------                      
EMAIL                     PHONE_NUMBER         HIRE_DATE JOB_ID         SALARY  
------------------------- -------------------- --------- ---------- ----------  
COMMISSION_PCT MANAGER_ID DEPARTMENT_ID                                         
-------------- ---------- -------------                                         
        121 Adam                 Fripp                                          
AFRIPP                    650.123.2234         10-APR-05 ST_MAN           8200  
                      100            50                                         
                                                                                
        122 Payam                Kaufling                                       
PKAUFLIN                  650.123.3234         01-MAY-03 ST_MAN           7900  
                      100            50                                         

EMPLOYEE_ID FIRST_NAME           LAST_NAME                                      
----------- -------------------- -------------------------                      
EMAIL                     PHONE_NUMBER         HIRE_DATE JOB_ID         SALARY  
------------------------- -------------------- --------- ---------- ----------  
COMMISSION_PCT MANAGER_ID DEPARTMENT_ID                                         
-------------- ---------- -------------                                         
                                                                                
        123 Shanta               Vollman                                        
SVOLLMAN                  650.123.4234         10-OCT-05 ST_MAN           6500  
                      100            50                                         
                                                                                
        124 Kevin                Mourgos                                        
KMOURGOS                  650.123.5234         16-NOV-07 ST_MAN           5800  

EMPLOYEE_ID FIRST_NAME           LAST_NAME                                      
----------- -------------------- -------------------------                      
EMAIL                     PHONE_NUMBER         HIRE_DATE JOB_ID         SALARY  
------------------------- -------------------- --------- ---------- ----------  
COMMISSION_PCT MANAGER_ID DEPARTMENT_ID                                         
-------------- ---------- -------------                                         
                      100            50                                         
                                                                                
        125 Julia                Nayer                                          
JNAYER                    650.124.1214         16-JUL-05 ST_CLERK         3200  
                      120            50                                         
                                                                                
        126 Irene                Mikkilineni                                    

EMPLOYEE_ID FIRST_NAME           LAST_NAME                                      
----------- -------------------- -------------------------                      
EMAIL                     PHONE_NUMBER         HIRE_DATE JOB_ID         SALARY  
------------------------- -------------------- --------- ---------- ----------  
COMMISSION_PCT MANAGER_ID DEPARTMENT_ID                                         
-------------- ---------- -------------                                         
IMIKKILI                  650.124.1224         28-SEP-06 ST_CLERK         2700  
                      120            50                                         
                                                                                
        127 James                Landry                                         
JLANDRY                   650.124.1334         14-JAN-07 ST_CLERK         2400  
                      120            50                                         
                                                                                

EMPLOYEE_ID FIRST_NAME           LAST_NAME                                      
----------- -------------------- -------------------------                      
EMAIL                     PHONE_NUMBER         HIRE_DATE JOB_ID         SALARY  
------------------------- -------------------- --------- ---------- ----------  
COMMISSION_PCT MANAGER_ID DEPARTMENT_ID                                         
-------------- ---------- -------------                                         
        128 Steven               Markle                                         
SMARKLE                   650.124.1434         08-MAR-08 ST_CLERK         2200  
                      120            50                                         
                                                                                
        129 Laura                Bissot                                         
LBISSOT                   650.124.5234         20-AUG-05 ST_CLERK         3300  
                      121            50                                         

EMPLOYEE_ID FIRST_NAME           LAST_NAME                                      
----------- -------------------- -------------------------                      
EMAIL                     PHONE_NUMBER         HIRE_DATE JOB_ID         SALARY  
------------------------- -------------------- --------- ---------- ----------  
COMMISSION_PCT MANAGER_ID DEPARTMENT_ID                                         
-------------- ---------- -------------                                         
                                                                                
        130 Mozhe                Atkinson                                       
MATKINSO                  650.124.6234         30-OCT-05 ST_CLERK         2800  
                      121            50                                         
                                                                                
        131 James                Marlow                                         
JAMRLOW                   650.124.7234         16-FEB-05 ST_CLERK         2500  

EMPLOYEE_ID FIRST_NAME           LAST_NAME                                      
----------- -------------------- -------------------------                      
EMAIL                     PHONE_NUMBER         HIRE_DATE JOB_ID         SALARY  
------------------------- -------------------- --------- ---------- ----------  
COMMISSION_PCT MANAGER_ID DEPARTMENT_ID                                         
-------------- ---------- -------------                                         
                      121            50                                         
                                                                                
        132 TJ                   Olson                                          
TJOLSON                   650.124.8234         10-APR-07 ST_CLERK         2100  
                      121            50                                         
                                                                                
        133 Jason                Mallin                                         

EMPLOYEE_ID FIRST_NAME           LAST_NAME                                      
----------- -------------------- -------------------------                      
EMAIL                     PHONE_NUMBER         HIRE_DATE JOB_ID         SALARY  
------------------------- -------------------- --------- ---------- ----------  
COMMISSION_PCT MANAGER_ID DEPARTMENT_ID                                         
-------------- ---------- -------------                                         
JMALLIN                   650.127.1934         14-JUN-04 ST_CLERK         3300  
                      122            50                                         
                                                                                
        134 Michael              Rogers                                         
MROGERS                   650.127.1834         26-AUG-06 ST_CLERK         2900  
                      122            50                                         
                                                                                

EMPLOYEE_ID FIRST_NAME           LAST_NAME                                      
----------- -------------------- -------------------------                      
EMAIL                     PHONE_NUMBER         HIRE_DATE JOB_ID         SALARY  
------------------------- -------------------- --------- ---------- ----------  
COMMISSION_PCT MANAGER_ID DEPARTMENT_ID                                         
-------------- ---------- -------------                                         
        135 Ki                   Gee                                            
KGEE                      650.127.1734         12-DEC-07 ST_CLERK         2400  
                      122            50                                         
                                                                                
        136 Hazel                Philtanker                                     
HPHILTAN                  650.127.1634         06-FEB-08 ST_CLERK         2200  
                      122            50                                         

EMPLOYEE_ID FIRST_NAME           LAST_NAME                                      
----------- -------------------- -------------------------                      
EMAIL                     PHONE_NUMBER         HIRE_DATE JOB_ID         SALARY  
------------------------- -------------------- --------- ---------- ----------  
COMMISSION_PCT MANAGER_ID DEPARTMENT_ID                                         
-------------- ---------- -------------                                         
                                                                                
        137 Renske               Ladwig                                         
RLADWIG                   650.121.1234         14-JUL-03 ST_CLERK         3600  
                      123            50                                         
                                                                                
        138 Stephen              Stiles                                         
SSTILES                   650.121.2034         26-OCT-05 ST_CLERK         3200  

EMPLOYEE_ID FIRST_NAME           LAST_NAME                                      
----------- -------------------- -------------------------                      
EMAIL                     PHONE_NUMBER         HIRE_DATE JOB_ID         SALARY  
------------------------- -------------------- --------- ---------- ----------  
COMMISSION_PCT MANAGER_ID DEPARTMENT_ID                                         
-------------- ---------- -------------                                         
                      123            50                                         
                                                                                
        139 John                 Seo                                            
JSEO                      650.121.2019         12-FEB-06 ST_CLERK         2700  
                      123            50                                         
                                                                                
        140 Joshua               Patel                                          

EMPLOYEE_ID FIRST_NAME           LAST_NAME                                      
----------- -------------------- -------------------------                      
EMAIL                     PHONE_NUMBER         HIRE_DATE JOB_ID         SALARY  
------------------------- -------------------- --------- ---------- ----------  
COMMISSION_PCT MANAGER_ID DEPARTMENT_ID                                         
-------------- ---------- -------------                                         
JPATEL                    650.121.1834         06-APR-06 ST_CLERK         2500  
                      123            50                                         
                                                                                
        141 Trenna               Rajs                                           
TRAJS                     650.121.8009         17-OCT-03 ST_CLERK         3500  
                      124            50                                         
                                                                                

EMPLOYEE_ID FIRST_NAME           LAST_NAME                                      
----------- -------------------- -------------------------                      
EMAIL                     PHONE_NUMBER         HIRE_DATE JOB_ID         SALARY  
------------------------- -------------------- --------- ---------- ----------  
COMMISSION_PCT MANAGER_ID DEPARTMENT_ID                                         
-------------- ---------- -------------                                         
        142 Curtis               Davies                                         
CDAVIES                   650.121.2994         29-JAN-05 ST_CLERK         3100  
                      124            50                                         
                                                                                
        143 Randall              Matos                                          
RMATOS                    650.121.2874         15-MAR-06 ST_CLERK         2600  
                      124            50                                         

EMPLOYEE_ID FIRST_NAME           LAST_NAME                                      
----------- -------------------- -------------------------                      
EMAIL                     PHONE_NUMBER         HIRE_DATE JOB_ID         SALARY  
------------------------- -------------------- --------- ---------- ----------  
COMMISSION_PCT MANAGER_ID DEPARTMENT_ID                                         
-------------- ---------- -------------                                         
                                                                                
        144 Peter                Vargas                                         
PVARGAS                   650.121.2004         09-JUL-06 ST_CLERK         2500  
                      124            50                                         
                                                                                
        145 John                 Russell                                        
JRUSSEL                   011.44.1344.429268   01-OCT-04 SA_MAN          14000  

EMPLOYEE_ID FIRST_NAME           LAST_NAME                                      
----------- -------------------- -------------------------                      
EMAIL                     PHONE_NUMBER         HIRE_DATE JOB_ID         SALARY  
------------------------- -------------------- --------- ---------- ----------  
COMMISSION_PCT MANAGER_ID DEPARTMENT_ID                                         
-------------- ---------- -------------                                         
            .4        100            80                                         
                                                                                
        146 Karen                Partners                                       
KPARTNER                  011.44.1344.467268   05-JAN-05 SA_MAN          13500  
            .3        100            80                                         
                                                                                
        147 Alberto              Errazuriz                                      

EMPLOYEE_ID FIRST_NAME           LAST_NAME                                      
----------- -------------------- -------------------------                      
EMAIL                     PHONE_NUMBER         HIRE_DATE JOB_ID         SALARY  
------------------------- -------------------- --------- ---------- ----------  
COMMISSION_PCT MANAGER_ID DEPARTMENT_ID                                         
-------------- ---------- -------------                                         
AERRAZUR                  011.44.1344.429278   10-MAR-05 SA_MAN          12000  
            .3        100            80                                         
                                                                                
        148 Gerald               Cambrault                                      
GCAMBRAU                  011.44.1344.619268   15-OCT-07 SA_MAN          11000  
            .3        100            80                                         
                                                                                

EMPLOYEE_ID FIRST_NAME           LAST_NAME                                      
----------- -------------------- -------------------------                      
EMAIL                     PHONE_NUMBER         HIRE_DATE JOB_ID         SALARY  
------------------------- -------------------- --------- ---------- ----------  
COMMISSION_PCT MANAGER_ID DEPARTMENT_ID                                         
-------------- ---------- -------------                                         
        149 Eleni                Zlotkey                                        
EZLOTKEY                  011.44.1344.429018   29-JAN-08 SA_MAN          10500  
            .2        100            80                                         
                                                                                
        150 Peter                Tucker                                         
PTUCKER                   011.44.1344.129268   30-JAN-05 SA_REP          10000  
            .3        145            80                                         

EMPLOYEE_ID FIRST_NAME           LAST_NAME                                      
----------- -------------------- -------------------------                      
EMAIL                     PHONE_NUMBER         HIRE_DATE JOB_ID         SALARY  
------------------------- -------------------- --------- ---------- ----------  
COMMISSION_PCT MANAGER_ID DEPARTMENT_ID                                         
-------------- ---------- -------------                                         
                                                                                
        151 David                Bernstein                                      
DBERNSTE                  011.44.1344.345268   24-MAR-05 SA_REP           9500  
           .25        145            80                                         
                                                                                
        152 Peter                Hall                                           
PHALL                     011.44.1344.478968   20-AUG-05 SA_REP           9000  

EMPLOYEE_ID FIRST_NAME           LAST_NAME                                      
----------- -------------------- -------------------------                      
EMAIL                     PHONE_NUMBER         HIRE_DATE JOB_ID         SALARY  
------------------------- -------------------- --------- ---------- ----------  
COMMISSION_PCT MANAGER_ID DEPARTMENT_ID                                         
-------------- ---------- -------------                                         
           .25        145            80                                         
                                                                                
        153 Christopher          Olsen                                          
COLSEN                    011.44.1344.498718   30-MAR-06 SA_REP           8000  
            .2        145            80                                         
                                                                                
        154 Nanette              Cambrault                                      

EMPLOYEE_ID FIRST_NAME           LAST_NAME                                      
----------- -------------------- -------------------------                      
EMAIL                     PHONE_NUMBER         HIRE_DATE JOB_ID         SALARY  
------------------------- -------------------- --------- ---------- ----------  
COMMISSION_PCT MANAGER_ID DEPARTMENT_ID                                         
-------------- ---------- -------------                                         
NCAMBRAU                  011.44.1344.987668   09-DEC-06 SA_REP           7500  
            .2        145            80                                         
                                                                                
        155 Oliver               Tuvault                                        
OTUVAULT                  011.44.1344.486508   23-NOV-07 SA_REP           7000  
           .15        145            80                                         
                                                                                

EMPLOYEE_ID FIRST_NAME           LAST_NAME                                      
----------- -------------------- -------------------------                      
EMAIL                     PHONE_NUMBER         HIRE_DATE JOB_ID         SALARY  
------------------------- -------------------- --------- ---------- ----------  
COMMISSION_PCT MANAGER_ID DEPARTMENT_ID                                         
-------------- ---------- -------------                                         
        156 Janette              King                                           
JKING                     011.44.1345.429268   30-JAN-04 SA_REP          10000  
           .35        146            80                                         
                                                                                
        157 Patrick              Sully                                          
PSULLY                    011.44.1345.929268   04-MAR-04 SA_REP           9500  
           .35        146            80                                         

EMPLOYEE_ID FIRST_NAME           LAST_NAME                                      
----------- -------------------- -------------------------                      
EMAIL                     PHONE_NUMBER         HIRE_DATE JOB_ID         SALARY  
------------------------- -------------------- --------- ---------- ----------  
COMMISSION_PCT MANAGER_ID DEPARTMENT_ID                                         
-------------- ---------- -------------                                         
                                                                                
        158 Allan                McEwen                                         
AMCEWEN                   011.44.1345.829268   01-AUG-04 SA_REP           9000  
           .35        146            80                                         
                                                                                
        159 Lindsey              Smith                                          
LSMITH                    011.44.1345.729268   10-MAR-05 SA_REP           8000  

EMPLOYEE_ID FIRST_NAME           LAST_NAME                                      
----------- -------------------- -------------------------                      
EMAIL                     PHONE_NUMBER         HIRE_DATE JOB_ID         SALARY  
------------------------- -------------------- --------- ---------- ----------  
COMMISSION_PCT MANAGER_ID DEPARTMENT_ID                                         
-------------- ---------- -------------                                         
            .3        146            80                                         
                                                                                
        160 Louise               Doran                                          
LDORAN                    011.44.1345.629268   15-DEC-05 SA_REP           7500  
            .3        146            80                                         
                                                                                
        161 Sarath               Sewall                                         

EMPLOYEE_ID FIRST_NAME           LAST_NAME                                      
----------- -------------------- -------------------------                      
EMAIL                     PHONE_NUMBER         HIRE_DATE JOB_ID         SALARY  
------------------------- -------------------- --------- ---------- ----------  
COMMISSION_PCT MANAGER_ID DEPARTMENT_ID                                         
-------------- ---------- -------------                                         
SSEWALL                   011.44.1345.529268   03-NOV-06 SA_REP           7000  
           .25        146            80                                         
                                                                                
        162 Clara                Vishney                                        
CVISHNEY                  011.44.1346.129268   11-NOV-05 SA_REP          10500  
           .25        147            80                                         
                                                                                

EMPLOYEE_ID FIRST_NAME           LAST_NAME                                      
----------- -------------------- -------------------------                      
EMAIL                     PHONE_NUMBER         HIRE_DATE JOB_ID         SALARY  
------------------------- -------------------- --------- ---------- ----------  
COMMISSION_PCT MANAGER_ID DEPARTMENT_ID                                         
-------------- ---------- -------------                                         
        163 Danielle             Greene                                         
DGREENE                   011.44.1346.229268   19-MAR-07 SA_REP           9500  
           .15        147            80                                         
                                                                                
        164 Mattea               Marvins                                        
MMARVINS                  011.44.1346.329268   24-JAN-08 SA_REP           7200  
            .1        147            80                                         

EMPLOYEE_ID FIRST_NAME           LAST_NAME                                      
----------- -------------------- -------------------------                      
EMAIL                     PHONE_NUMBER         HIRE_DATE JOB_ID         SALARY  
------------------------- -------------------- --------- ---------- ----------  
COMMISSION_PCT MANAGER_ID DEPARTMENT_ID                                         
-------------- ---------- -------------                                         
                                                                                
        165 David                Lee                                            
DLEE                      011.44.1346.529268   23-FEB-08 SA_REP           6800  
            .1        147            80                                         
                                                                                
        166 Sundar               Ande                                           
SANDE                     011.44.1346.629268   24-MAR-08 SA_REP           6400  

EMPLOYEE_ID FIRST_NAME           LAST_NAME                                      
----------- -------------------- -------------------------                      
EMAIL                     PHONE_NUMBER         HIRE_DATE JOB_ID         SALARY  
------------------------- -------------------- --------- ---------- ----------  
COMMISSION_PCT MANAGER_ID DEPARTMENT_ID                                         
-------------- ---------- -------------                                         
            .1        147            80                                         
                                                                                
        167 Amit                 Banda                                          
ABANDA                    011.44.1346.729268   21-APR-08 SA_REP           6200  
            .1        147            80                                         
                                                                                
        168 Lisa                 Ozer                                           

EMPLOYEE_ID FIRST_NAME           LAST_NAME                                      
----------- -------------------- -------------------------                      
EMAIL                     PHONE_NUMBER         HIRE_DATE JOB_ID         SALARY  
------------------------- -------------------- --------- ---------- ----------  
COMMISSION_PCT MANAGER_ID DEPARTMENT_ID                                         
-------------- ---------- -------------                                         
LOZER                     011.44.1343.929268   11-MAR-05 SA_REP          11500  
           .25        148            80                                         
                                                                                
        169 Harrison             Bloom                                          
HBLOOM                    011.44.1343.829268   23-MAR-06 SA_REP          10000  
            .2        148            80                                         
                                                                                

EMPLOYEE_ID FIRST_NAME           LAST_NAME                                      
----------- -------------------- -------------------------                      
EMAIL                     PHONE_NUMBER         HIRE_DATE JOB_ID         SALARY  
------------------------- -------------------- --------- ---------- ----------  
COMMISSION_PCT MANAGER_ID DEPARTMENT_ID                                         
-------------- ---------- -------------                                         
        170 Tayler               Fox                                            
TFOX                      011.44.1343.729268   24-JAN-06 SA_REP           9600  
            .2        148            80                                         
                                                                                
        171 William              Smith                                          
WSMITH                    011.44.1343.629268   23-FEB-07 SA_REP           7400  
           .15        148            80                                         

EMPLOYEE_ID FIRST_NAME           LAST_NAME                                      
----------- -------------------- -------------------------                      
EMAIL                     PHONE_NUMBER         HIRE_DATE JOB_ID         SALARY  
------------------------- -------------------- --------- ---------- ----------  
COMMISSION_PCT MANAGER_ID DEPARTMENT_ID                                         
-------------- ---------- -------------                                         
                                                                                
        172 Elizabeth            Bates                                          
EBATES                    011.44.1343.529268   24-MAR-07 SA_REP           7300  
           .15        148            80                                         
                                                                                
        173 Sundita              Kumar                                          
SKUMAR                    011.44.1343.329268   21-APR-08 SA_REP           6100  

EMPLOYEE_ID FIRST_NAME           LAST_NAME                                      
----------- -------------------- -------------------------                      
EMAIL                     PHONE_NUMBER         HIRE_DATE JOB_ID         SALARY  
------------------------- -------------------- --------- ---------- ----------  
COMMISSION_PCT MANAGER_ID DEPARTMENT_ID                                         
-------------- ---------- -------------                                         
            .1        148            80                                         
                                                                                
        174 Ellen                Abel                                           
EABEL                     011.44.1644.429267   11-MAY-04 SA_REP          11000  
            .3        149            80                                         
                                                                                
        175 Alyssa               Hutton                                         

EMPLOYEE_ID FIRST_NAME           LAST_NAME                                      
----------- -------------------- -------------------------                      
EMAIL                     PHONE_NUMBER         HIRE_DATE JOB_ID         SALARY  
------------------------- -------------------- --------- ---------- ----------  
COMMISSION_PCT MANAGER_ID DEPARTMENT_ID                                         
-------------- ---------- -------------                                         
AHUTTON                   011.44.1644.429266   19-MAR-05 SA_REP           8800  
           .25        149            80                                         
                                                                                
        176 Jonathon             Taylor                                         
JTAYLOR                   011.44.1644.429265   24-MAR-06 SA_REP           8600  
            .2        149            80                                         
                                                                                

EMPLOYEE_ID FIRST_NAME           LAST_NAME                                      
----------- -------------------- -------------------------                      
EMAIL                     PHONE_NUMBER         HIRE_DATE JOB_ID         SALARY  
------------------------- -------------------- --------- ---------- ----------  
COMMISSION_PCT MANAGER_ID DEPARTMENT_ID                                         
-------------- ---------- -------------                                         
        177 Jack                 Livingston                                     
JLIVINGS                  011.44.1644.429264   23-APR-06 SA_REP           8400  
            .2        149            80                                         
                                                                                
        178 Kimberely            Grant                                          
KGRANT                    011.44.1644.429263   24-MAY-07 SA_REP           7000  
           .15        149                                                       

EMPLOYEE_ID FIRST_NAME           LAST_NAME                                      
----------- -------------------- -------------------------                      
EMAIL                     PHONE_NUMBER         HIRE_DATE JOB_ID         SALARY  
------------------------- -------------------- --------- ---------- ----------  
COMMISSION_PCT MANAGER_ID DEPARTMENT_ID                                         
-------------- ---------- -------------                                         
                                                                                
        179 Charles              Johnson                                        
CJOHNSON                  011.44.1644.429262   04-JAN-08 SA_REP           6200  
            .1        149            80                                         
                                                                                
        180 Winston              Taylor                                         
WTAYLOR                   650.507.9876         24-JAN-06 SH_CLERK         3200  

EMPLOYEE_ID FIRST_NAME           LAST_NAME                                      
----------- -------------------- -------------------------                      
EMAIL                     PHONE_NUMBER         HIRE_DATE JOB_ID         SALARY  
------------------------- -------------------- --------- ---------- ----------  
COMMISSION_PCT MANAGER_ID DEPARTMENT_ID                                         
-------------- ---------- -------------                                         
                      120            50                                         
                                                                                
        181 Jean                 Fleaur                                         
JFLEAUR                   650.507.9877         23-FEB-06 SH_CLERK         3100  
                      120            50                                         
                                                                                
        182 Martha               Sullivan                                       

EMPLOYEE_ID FIRST_NAME           LAST_NAME                                      
----------- -------------------- -------------------------                      
EMAIL                     PHONE_NUMBER         HIRE_DATE JOB_ID         SALARY  
------------------------- -------------------- --------- ---------- ----------  
COMMISSION_PCT MANAGER_ID DEPARTMENT_ID                                         
-------------- ---------- -------------                                         
MSULLIVA                  650.507.9878         21-JUN-07 SH_CLERK         2500  
                      120            50                                         
                                                                                
        183 Girard               Geoni                                          
GGEONI                    650.507.9879         03-FEB-08 SH_CLERK         2800  
                      120            50                                         
                                                                                

EMPLOYEE_ID FIRST_NAME           LAST_NAME                                      
----------- -------------------- -------------------------                      
EMAIL                     PHONE_NUMBER         HIRE_DATE JOB_ID         SALARY  
------------------------- -------------------- --------- ---------- ----------  
COMMISSION_PCT MANAGER_ID DEPARTMENT_ID                                         
-------------- ---------- -------------                                         
        184 Nandita              Sarchand                                       
NSARCHAN                  650.509.1876         27-JAN-04 SH_CLERK         4200  
                      121            50                                         
                                                                                
        185 Alexis               Bull                                           
ABULL                     650.509.2876         20-FEB-05 SH_CLERK         4100  
                      121            50                                         

EMPLOYEE_ID FIRST_NAME           LAST_NAME                                      
----------- -------------------- -------------------------                      
EMAIL                     PHONE_NUMBER         HIRE_DATE JOB_ID         SALARY  
------------------------- -------------------- --------- ---------- ----------  
COMMISSION_PCT MANAGER_ID DEPARTMENT_ID                                         
-------------- ---------- -------------                                         
                                                                                
        186 Julia                Dellinger                                      
JDELLING                  650.509.3876         24-JUN-06 SH_CLERK         3400  
                      121            50                                         
                                                                                
        187 Anthony              Cabrio                                         
ACABRIO                   650.509.4876         07-FEB-07 SH_CLERK         3000  

EMPLOYEE_ID FIRST_NAME           LAST_NAME                                      
----------- -------------------- -------------------------                      
EMAIL                     PHONE_NUMBER         HIRE_DATE JOB_ID         SALARY  
------------------------- -------------------- --------- ---------- ----------  
COMMISSION_PCT MANAGER_ID DEPARTMENT_ID                                         
-------------- ---------- -------------                                         
                      121            50                                         
                                                                                
        188 Kelly                Chung                                          
KCHUNG                    650.505.1876         14-JUN-05 SH_CLERK         3800  
                      122            50                                         
                                                                                
        189 Jennifer             Dilly                                          

EMPLOYEE_ID FIRST_NAME           LAST_NAME                                      
----------- -------------------- -------------------------                      
EMAIL                     PHONE_NUMBER         HIRE_DATE JOB_ID         SALARY  
------------------------- -------------------- --------- ---------- ----------  
COMMISSION_PCT MANAGER_ID DEPARTMENT_ID                                         
-------------- ---------- -------------                                         
JDILLY                    650.505.2876         13-AUG-05 SH_CLERK         3600  
                      122            50                                         
                                                                                
        190 Timothy              Gates                                          
TGATES                    650.505.3876         11-JUL-06 SH_CLERK         2900  
                      122            50                                         
                                                                                

EMPLOYEE_ID FIRST_NAME           LAST_NAME                                      
----------- -------------------- -------------------------                      
EMAIL                     PHONE_NUMBER         HIRE_DATE JOB_ID         SALARY  
------------------------- -------------------- --------- ---------- ----------  
COMMISSION_PCT MANAGER_ID DEPARTMENT_ID                                         
-------------- ---------- -------------                                         
        191 Randall              Perkins                                        
RPERKINS                  650.505.4876         19-DEC-07 SH_CLERK         2500  
                      122            50                                         
                                                                                
        192 Sarah                Bell                                           
SBELL                     650.501.1876         04-FEB-04 SH_CLERK         4000  
                      123            50                                         

EMPLOYEE_ID FIRST_NAME           LAST_NAME                                      
----------- -------------------- -------------------------                      
EMAIL                     PHONE_NUMBER         HIRE_DATE JOB_ID         SALARY  
------------------------- -------------------- --------- ---------- ----------  
COMMISSION_PCT MANAGER_ID DEPARTMENT_ID                                         
-------------- ---------- -------------                                         
                                                                                
        193 Britney              Everett                                        
BEVERETT                  650.501.2876         03-MAR-05 SH_CLERK         3900  
                      123            50                                         
                                                                                
        194 Samuel               McCain                                         
SMCCAIN                   650.501.3876         01-JUL-06 SH_CLERK         3200  

EMPLOYEE_ID FIRST_NAME           LAST_NAME                                      
----------- -------------------- -------------------------                      
EMAIL                     PHONE_NUMBER         HIRE_DATE JOB_ID         SALARY  
------------------------- -------------------- --------- ---------- ----------  
COMMISSION_PCT MANAGER_ID DEPARTMENT_ID                                         
-------------- ---------- -------------                                         
                      123            50                                         
                                                                                
        195 Vance                Jones                                          
VJONES                    650.501.4876         17-MAR-07 SH_CLERK         2800  
                      123            50                                         
                                                                                
        196 Alana                Walsh                                          

EMPLOYEE_ID FIRST_NAME           LAST_NAME                                      
----------- -------------------- -------------------------                      
EMAIL                     PHONE_NUMBER         HIRE_DATE JOB_ID         SALARY  
------------------------- -------------------- --------- ---------- ----------  
COMMISSION_PCT MANAGER_ID DEPARTMENT_ID                                         
-------------- ---------- -------------                                         
AWALSH                    650.507.9811         24-APR-06 SH_CLERK         3100  
                      124            50                                         
                                                                                
        197 Kevin                Feeney                                         
KFEENEY                   650.507.9822         23-MAY-06 SH_CLERK         3000  
                      124            50                                         
                                                                                

EMPLOYEE_ID FIRST_NAME           LAST_NAME                                      
----------- -------------------- -------------------------                      
EMAIL                     PHONE_NUMBER         HIRE_DATE JOB_ID         SALARY  
------------------------- -------------------- --------- ---------- ----------  
COMMISSION_PCT MANAGER_ID DEPARTMENT_ID                                         
-------------- ---------- -------------                                         
        198 Donald               OConnell                                       
DOCONNEL                  650.507.9833         21-JUN-07 SH_CLERK         2600  
                      124            50                                         
                                                                                
        199 Douglas              Grant                                          
DGRANT                    650.507.9844         13-JAN-08 SH_CLERK         2600  
                      124            50                                         

EMPLOYEE_ID FIRST_NAME           LAST_NAME                                      
----------- -------------------- -------------------------                      
EMAIL                     PHONE_NUMBER         HIRE_DATE JOB_ID         SALARY  
------------------------- -------------------- --------- ---------- ----------  
COMMISSION_PCT MANAGER_ID DEPARTMENT_ID                                         
-------------- ---------- -------------                                         
                                                                                
        200 Jennifer             Whalen                                         
JWHALEN                   515.123.4444         17-SEP-03 AD_ASST          4400  
                      101            10                                         
                                                                                
        201 Michael              Hartstein                                      
MHARTSTE                  515.123.5555         17-FEB-04 MK_MAN          13000  

EMPLOYEE_ID FIRST_NAME           LAST_NAME                                      
----------- -------------------- -------------------------                      
EMAIL                     PHONE_NUMBER         HIRE_DATE JOB_ID         SALARY  
------------------------- -------------------- --------- ---------- ----------  
COMMISSION_PCT MANAGER_ID DEPARTMENT_ID                                         
-------------- ---------- -------------                                         
                      100            20                                         
                                                                                
        202 Pat                  Fay                                            
PFAY                      603.123.6666         17-AUG-05 MK_REP           6000  
                      201            20                                         
                                                                                
        203 Susan                Mavris                                         

EMPLOYEE_ID FIRST_NAME           LAST_NAME                                      
----------- -------------------- -------------------------                      
EMAIL                     PHONE_NUMBER         HIRE_DATE JOB_ID         SALARY  
------------------------- -------------------- --------- ---------- ----------  
COMMISSION_PCT MANAGER_ID DEPARTMENT_ID                                         
-------------- ---------- -------------                                         
SMAVRIS                   515.123.7777         07-JUN-02 HR_REP           6500  
                      101            40                                         
                                                                                
        204 Hermann              Baer                                           
HBAER                     515.123.8888         07-JUN-02 PR_REP          10000  
                      101            70                                         
                                                                                

EMPLOYEE_ID FIRST_NAME           LAST_NAME                                      
----------- -------------------- -------------------------                      
EMAIL                     PHONE_NUMBER         HIRE_DATE JOB_ID         SALARY  
------------------------- -------------------- --------- ---------- ----------  
COMMISSION_PCT MANAGER_ID DEPARTMENT_ID                                         
-------------- ---------- -------------                                         
        205 Shelley              Higgins                                        
SHIGGINS                  515.123.8080         07-JUN-02 AC_MGR          12008  
                      101           110                                         
                                                                                
        206 William              Gietz                                          
WGIETZ                    515.123.8181         07-JUN-02 AC_ACCOUNT       8300  
                      205           110                                         

EMPLOYEE_ID FIRST_NAME           LAST_NAME                                      
----------- -------------------- -------------------------                      
EMAIL                     PHONE_NUMBER         HIRE_DATE JOB_ID         SALARY  
------------------------- -------------------- --------- ---------- ----------  
COMMISSION_PCT MANAGER_ID DEPARTMENT_ID                                         
-------------- ---------- -------------                                         
                                                                                

107 rows selected.

SQL> select last_name,salary,commission_pct from Employees order by Commission_pct,salary;

LAST_NAME                     SALARY COMMISSION_PCT                             
------------------------- ---------- --------------                             
Kumar                           6100             .1                             
Johnson                         6200             .1                             
Banda                           6200             .1                             
Ande                            6400             .1                             
Lee                             6800             .1                             
Marvins                         7200             .1                             
Grant                           7000            .15                             
Tuvault                         7000            .15                             
Bates                           7300            .15                             
Smith                           7400            .15                             
Greene                          9500            .15                             

LAST_NAME                     SALARY COMMISSION_PCT                             
------------------------- ---------- --------------                             
Cambrault                       7500             .2                             
Olsen                           8000             .2                             
Livingston                      8400             .2                             
Taylor                          8600             .2                             
Fox                             9600             .2                             
Bloom                          10000             .2                             
Zlotkey                        10500             .2                             
Sewall                          7000            .25                             
Hutton                          8800            .25                             
Hall                            9000            .25                             
Bernstein                       9500            .25                             

LAST_NAME                     SALARY COMMISSION_PCT                             
------------------------- ---------- --------------                             
Vishney                        10500            .25                             
Ozer                           11500            .25                             
Doran                           7500             .3                             
Smith                           8000             .3                             
Tucker                         10000             .3                             
Abel                           11000             .3                             
Cambrault                      11000             .3                             
Errazuriz                      12000             .3                             
Partners                       13500             .3                             
McEwen                          9000            .35                             
Sully                           9500            .35                             

LAST_NAME                     SALARY COMMISSION_PCT                             
------------------------- ---------- --------------                             
King                           10000            .35                             
Russell                        14000             .4                             
Olson                           2100                                            
Philtanker                      2200                                            
Markle                          2200                                            
Gee                             2400                                            
Landry                          2400                                            
Colmenares                      2500                                            
Marlow                          2500                                            
Sullivan                        2500                                            
Perkins                         2500                                            

LAST_NAME                     SALARY COMMISSION_PCT                             
------------------------- ---------- --------------                             
Vargas                          2500                                            
Patel                           2500                                            
Himuro                          2600                                            
Matos                           2600                                            
Grant                           2600                                            
OConnell                        2600                                            
Seo                             2700                                            
Mikkilineni                     2700                                            
Tobias                          2800                                            
Jones                           2800                                            
Atkinson                        2800                                            

LAST_NAME                     SALARY COMMISSION_PCT                             
------------------------- ---------- --------------                             
Geoni                           2800                                            
Gates                           2900                                            
Baida                           2900                                            
Rogers                          2900                                            
Feeney                          3000                                            
Cabrio                          3000                                            
Walsh                           3100                                            
Davies                          3100                                            
Fleaur                          3100                                            
Khoo                            3100                                            
McCain                          3200                                            

LAST_NAME                     SALARY COMMISSION_PCT                             
------------------------- ---------- --------------                             
Stiles                          3200                                            
Nayer                           3200                                            
Taylor                          3200                                            
Bissot                          3300                                            
Mallin                          3300                                            
Dellinger                       3400                                            
Rajs                            3500                                            
Ladwig                          3600                                            
Dilly                           3600                                            
Chung                           3800                                            
Everett                         3900                                            

LAST_NAME                     SALARY COMMISSION_PCT                             
------------------------- ---------- --------------                             
Bell                            4000                                            
Bull                            4100                                            
Sarchand                        4200                                            
Lorentz                         4200                                            
Whalen                          4400                                            
Pataballa                       4800                                            
Austin                          4800                                            
Mourgos                         5800                                            
Fay                             6000                                            
Ernst                           6000                                            
Vollman                         6500                                            

LAST_NAME                     SALARY COMMISSION_PCT                             
------------------------- ---------- --------------                             
Mavris                          6500                                            
Popp                            6900                                            
Sciarra                         7700                                            
Urman                           7800                                            
Kaufling                        7900                                            
Weiss                           8000                                            
Fripp                           8200                                            
Chen                            8200                                            
Gietz                           8300                                            
Faviet                          9000                                            
Hunold                          9000                                            

LAST_NAME                     SALARY COMMISSION_PCT                             
------------------------- ---------- --------------                             
Baer                           10000                                            
Raphaely                       11000                                            
Higgins                        12008                                            
Greenberg                      12008                                            
Hartstein                      13000                                            
Kochhar                        17000                                            
De Haan                        17000                                            
King                           24000                                            

107 rows selected.

SQL> select last_name from employees where first_name like '__a%';

LAST_NAME                                                                       
-------------------------                                                       
Fleaur                                                                          
Fripp                                                                           
Johnson                                                                         
Lorentz                                                                         
Vishney                                                                         
Vollman                                                                         
Walsh                                                                           

7 rows selected.

SQL> spool off;
